res：products/YSfR5EtwDx/devices/esp32s3
et：1924819200
key：MaGb3WlhOa/jryEbFdW9gaNbm9vDF/fF7fFtV8uRPys=
methodmd5
Token：version=2018-10-31&res=products%2FYSfR5EtwDx%2Fdevices%2Fesp32s3&et=1924819200&method=md5&sign=xmczMS1rCeJW19hyCI8iTQ%3D%3D


res：products/YSfR5EtwDx/devices/esp32s3
et：1924819200
key：WWRuUkpybU8zN0pvQUt0cFAyQmdROGIzY1IzcGRoZnU=
methodmd5
Token：version=2018-10-31&res=products%2FYSfR5EtwDx%2Fdevices%2Fesp32s3&et=1924819200&method=md5&sign=eWweRDG6pH23s5hl%2F9ZyIQ%3D%3D


res：products/YSfR5EtwDx/devices/dht
et：1924819200
key：WWRuUkpybU8zN0pvQUt0cFAyQmdROGIzY1IzcGRoZnU=
methodmd5
Token：version=2018-10-31&res=products%2FYSfR5EtwDx%2Fdevices%2Fdht&et=1924819200&method=md5&sign=b737HY2bxXCErYAh28mhjA%3D%3D


res：products/YSfR5EtwDx
et：1924819200
key：WWRuUkpybU8zN0pvQUt0cFAyQmdROGIzY1IzcGRoZnU=
methodmd5
Token：version=2018-10-31&res=products%2FYSfR5EtwDx&et=1924819200&method=md5&sign=kZ5GkcJISoAQ%2F9yc6zIFhQ%3D%3D


res：products/YSfR5EtwDx/device/dht
et：1924819200
key：WWRuUkpybU8zN0pvQUt0cFAyQmdROGIzY1IzcGRoZnU=
methodmd5
Token：version=2018-10-31&res=products%2FYSfR5EtwDx%2Fdevice%2Fdht&et=1924819200&method=md5&sign=agQ1IIIb6iHXr7lr4bma3A%3D%3D


res：products/YSfR5EtwDx/devices/dht
et：1924819200
key：WWRuUkpybU8zN0pvQUt0cFAyQmdROGIzY1IzcGRoZnU=
methodmd5
Token：version=2018-10-31&res=products%2FYSfR5EtwDx%2Fdevices%2Fdht&et=1924819200&method=md5&sign=b737HY2bxXCErYAh28mhjA%3D%3D


res：products/YSfR5EtwDx/devices/dht
et：1924819200
key：WWRuUkpybU8zN0pvQUt0cFAyQmdROGIzY1IzcGRoZnU=
methodmd5
Token：version=2018-10-31&res=products%2FYSfR5EtwDx%2Fdevices%2Fdht&et=1924819200&method=md5&sign=b737HY2bxXCErYAh28mhjA%3D%3D


res：products/YSfR5EtwDx/devices/dsb1802
et：1777709074000
key：enczQ2FtVWY5Z2wyajZ5ajl4bXZ6VWhQYlhaWEduV08=
methodmd5
Token：version=2018-10-31&res=products%2FYSfR5EtwDx%2Fdevices%2Fdsb1802&et=1777709074000&method=md5&sign=JmawmgtHZjymNymcOeHK5A%3D%3D


res：products/YSfR5EtwDx/devices/dsb1802
et：1777709074
key：enczQ2FtVWY5Z2wyajZ5ajl4bXZ6VWhQYlhaWEduV08=
methodmd5
Token：version=2018-10-31&res=products%2FYSfR5EtwDx%2Fdevices%2Fdsb1802&et=1777709074&method=md5&sign=oEOeYQi0ec6G40GYgCtgyA%3D%3D


res：products/YSfR5EtwDx/devices/dsb1802
et：1790928274000
key：OWhQWHA3QTlPWFBUNEF2Sm5YRTVQVERrTDVHdDZWdXg=
methodmd5
Token：version=2018-10-31&res=products%2FYSfR5EtwDx%2Fdevices%2Fdsb1802&et=1790928274000&method=md5&sign=cEmE4cHeVn3LUR8Bu9Y%2B2w%3D%3D


res：products/YSfR5EtwDx/devices/dsb1802
et：1790928274000
key：OWhQWHA3QTlPWFBUNEF2Sm5YRTVQVERrTDVHdDZWdXg=
methodmd5
Token：version=2018-10-31&res=products%2FYSfR5EtwDx%2Fdevices%2Fdsb1802&et=1790928274000&method=md5&sign=cEmE4cHeVn3LUR8Bu9Y%2B2w%3D%3D


res：products/YSfR5EtwDx/devices/dsb1802
et：1790928274000
key：OWhQWHA3QTlPWFBUNEF2Sm5YRTVQVERrTDVHdDZWdXg=
methodmd5
Token：version=2018-10-31&res=products%2FYSfR5EtwDx%2Fdevices%2Fdsb1802&et=1790928274000&method=md5&sign=cEmE4cHeVn3LUR8Bu9Y%2B2w%3D%3D


res：products/YSfR5EtwDx/devices/dsb1802
et：1790928274000
key：OWhQWHA3QTlPWFBUNEF2Sm5YRTVQVERrTDVHdDZWdXg=
methodmd5
Token：version=2018-10-31&res=products%2FYSfR5EtwDx%2Fdevices%2Fdsb1802&et=1790928274000&method=md5&sign=cEmE4cHeVn3LUR8Bu9Y%2B2w%3D%3D


res：products/YSfR5EtwDx/devices/dsb1802
et：1790928274000
key：OWhQWHA3QTlPWFBUNEF2Sm5YRTVQVERrTDVHdDZWdXg=
methodmd5
Token：version=2018-10-31&res=products%2FYSfR5EtwDx%2Fdevices%2Fdsb1802&et=1790928274000&method=md5&sign=cEmE4cHeVn3LUR8Bu9Y%2B2w%3D%3D


res：products/YSfR5EtwDx/devices/dsb1802
et：1790928274000
key：OWhQWHA3QTlPWFBUNEF2Sm5YRTVQVERrTDVHdDZWdXg=
methodmd5
Token：version=2018-10-31&res=products%2FYSfR5EtwDx%2Fdevices%2Fdsb1802&et=1790928274000&method=md5&sign=cEmE4cHeVn3LUR8Bu9Y%2B2w%3D%3D


res：products/YSfR5EtwDx/devices/dsb1802
et：1790928274000
key：OWhQWHA3QTlPWFBUNEF2Sm5YRTVQVERrTDVHdDZWdXg=
methodmd5
Token：version=2018-10-31&res=products%2FYSfR5EtwDx%2Fdevices%2Fdsb1802&et=1790928274000&method=md5&sign=cEmE4cHeVn3LUR8Bu9Y%2B2w%3D%3D


res：products/YSfR5EtwDx/devices/dsb1802
et：1790928274000
key：OWhQWHA3QTlPWFBUNEF2Sm5YRTVQVERrTDVHdDZWdXg=
methodmd5
Token：version=2018-10-31&res=products%2FYSfR5EtwDx%2Fdevices%2Fdsb1802&et=1790928274000&method=md5&sign=cEmE4cHeVn3LUR8Bu9Y%2B2w%3D%3D


res：products/YSfR5EtwDx/devices/dsb1802
et：1777710420
key：OWhQWHA3QTlPWFBUNEF2Sm5YRTVQVERrTDVHdDZWdXg=
methodmd5
Token：version=2018-10-31&res=products%2FYSfR5EtwDx%2Fdevices%2Fdsb1802&et=1777710420&method=md5&sign=k892WA22AV%2BIMgg7G67k%2Fw%3D%3D


res：products/YSfR5EtwDx/devices/
esp32s3
et：1777710420
key：OWhQWHA3QTlPWFBUNEF2Sm5YRTVQVERrTDVHdDZWdXg=
methodmd5
Token：version=2018-10-31&res=products%2FYSfR5EtwDx%2Fdevices%2F%0Aesp32s3&et=1777710420&method=md5&sign=i0iXVrQNaWJMyd%2FqTLtV3g%3D%3D


res：products/YSfR5EtwDx/devices/
dsb1802
et：1777710420
key：OWhQWHA3QTlPWFBUNEF2Sm5YRTVQVERrTDVHdDZWdXg=
methodmd5
Token：version=2018-10-31&res=products%2FYSfR5EtwDx%2Fdevices%2F%0Adsb1802&et=1777710420&method=md5&sign=JmHGXEk2zoeHyybPZ5L1NA%3D%3D


res：products/YSfR5EtwDx/devices/
dsb1802
et：1809246420
key：OWhQWHA3QTlPWFBUNEF2Sm5YRTVQVERrTDVHdDZWdXg=
methodmd5
Token：version=2018-10-31&res=products%2FYSfR5EtwDx%2Fdevices%2F%0Adsb1802&et=1809246420&method=md5&sign=nE1RfcHk3PBHmkenbTFiKw%3D%3D


res：products/YSfR5EtwDx/devices/
dsb1802
et：1809246420
key：OWhQWHA3QTlPWFBUNEF2Sm5YRTVQVERrTDVHdDZWdXg=
methodmd5
Token：version=2018-10-31&res=products%2FYSfR5EtwDx%2Fdevices%2F%0Adsb1802&et=1809246420&method=md5&sign=nE1RfcHk3PBHmkenbTFiKw%3D%3D


res：products/YSfR5EtwDx/devices/
123
et：1809246420
key：OWhQWHA3QTlPWFBUNEF2Sm5YRTVQVERrTDVHdDZWdXg=
methodmd5
Token：version=2018-10-31&res=products%2FYSfR5EtwDx%2Fdevices%2F%0A123&et=1809246420&method=md5&sign=pYAtHyz4ITSL7ewX%2FRNdpg%3D%3D


res：products/YSfR5EtwDx/devices/
123
et：1809246420
key：cDMwaFBRUDFwMGNsZENFMVJSdkZzY0cxN0VRSHJ2ZHg=
methodmd5
Token：version=2018-10-31&res=products%2FYSfR5EtwDx%2Fdevices%2F%0A123&et=1809246420&method=md5&sign=gB9lUTLcX06kgw4ZbU0NnQ%3D%3D


res：products/YSfR5EtwDx/devices/
123
et：1809246420
key：cDMwaFBRUDFwMGNsZENFMVJSdkZzY0cxN0VRSHJ2ZHg=
methodmd5
Token：version=2018-10-31&res=products%2FYSfR5EtwDx%2Fdevices%2F%0A123&et=1809246420&method=md5&sign=gB9lUTLcX06kgw4ZbU0NnQ%3D%3D


res：products/YSfR5EtwDx/devices/
123
et：1809246420
key：cDMwaFBRUDFwMGNsZENFMVJSdkZzY0cxN0VRSHJ2ZHg=
methodmd5
Token：version=2018-10-31&res=products%2FYSfR5EtwDx%2Fdevices%2F%0A123&et=1809246420&method=md5&sign=gB9lUTLcX06kgw4ZbU0NnQ%3D%3D


res：products/YSfR5EtwDx/devices/
123
et：1809246420
key：cDMwaFBRUDFwMGNsZENFMVJSdkZzY0cxN0VRSHJ2ZHg=
methodmd5
Token：version=2018-10-31&res=products%2FYSfR5EtwDx%2Fdevices%2F%0A123&et=1809246420&method=md5&sign=gB9lUTLcX06kgw4ZbU0NnQ%3D%3D


res：products/YSfR5EtwDx/devices/
123
et：1809246420
key：cDMwaFBRUDFwMGNsZENFMVJSdkZzY0cxN0VRSHJ2ZHg=
methodmd5
Token：version=2018-10-31&res=products%2FYSfR5EtwDx%2Fdevices%2F%0A123&et=1809246420&method=md5&sign=gB9lUTLcX06kgw4ZbU0NnQ%3D%3D


res：products/YSfR5EtwDx/devices/
123
et：1809246420000
key：cDMwaFBRUDFwMGNsZENFMVJSdkZzY0cxN0VRSHJ2ZHg=
methodmd5
Token：version=2018-10-31&res=products%2FYSfR5EtwDx%2Fdevices%2F%0A123&et=1809246420000&method=md5&sign=VIVs4dSOOiha%2BuZXmsNK8A%3D%3D


res：products/YSfR5EtwDx/devices/
123
et：1809246420000
key：cDMwaFBRUDFwMGNsZENFMVJSdkZzY0cxN0VRSHJ2ZHg=
methodmd5
Token：version=2018-10-31&res=products%2FYSfR5EtwDx%2Fdevices%2F%0A123&et=1809246420000&method=md5&sign=VIVs4dSOOiha%2BuZXmsNK8A%3D%3D


res：products/YSfR5EtwDx/devices/
123
et：1809246420000
key：cDMwaFBRUDFwMGNsZENFMVJSdkZzY0cxN0VRSHJ2ZHg=
methodmd5
Token：version=2018-10-31&res=products%2FYSfR5EtwDx%2Fdevices%2F%0A123&et=1809246420000&method=md5&sign=VIVs4dSOOiha%2BuZXmsNK8A%3D%3D


res：products/YSfR5EtwDx/devices/
123
et：1809246420000
key：cDMwaFBRUDFwMGNsZENFMVJSdkZzY0cxN0VRSHJ2ZHg=
methodmd5
Token：version=2018-10-31&res=products%2FYSfR5EtwDx%2Fdevices%2F%0A123&et=1809246420000&method=md5&sign=VIVs4dSOOiha%2BuZXmsNK8A%3D%3D


res：products/YSfR5EtwDx/devices/
123
et：1809246420000
key：cDMwaFBRUDFwMGNsZENFMVJSdkZzY0cxN0VRSHJ2ZHg=
methodmd5
Token：version=2018-10-31&res=products%2FYSfR5EtwDx%2Fdevices%2F%0A123&et=1809246420000&method=md5&sign=VIVs4dSOOiha%2BuZXmsNK8A%3D%3D


res：products/YSfR5EtwDx/devices/
123
et：1809246420000
key：cDMwaFBRUDFwMGNsZENFMVJSdkZzY0cxN0VRSHJ2ZHg=
methodmd5
Token：version=2018-10-31&res=products%2FYSfR5EtwDx%2Fdevices%2F%0A123&et=1809246420000&method=md5&sign=VIVs4dSOOiha%2BuZXmsNK8A%3D%3D


res：products/YSfR5EtwDx/devices/
123
et：1809246420000
key：cDMwaFBRUDFwMGNsZENFMVJSdkZzY0cxN0VRSHJ2ZHg=
methodmd5
Token：version=2018-10-31&res=products%2FYSfR5EtwDx%2Fdevices%2F%0A123&et=1809246420000&method=md5&sign=VIVs4dSOOiha%2BuZXmsNK8A%3D%3D


res：products/YSfR5EtwDx/devices/
123
et：1809246420
key：cDMwaFBRUDFwMGNsZENFMVJSdkZzY0cxN0VRSHJ2ZHg=
methodmd5
Token：version=2018-10-31&res=products%2FYSfR5EtwDx%2Fdevices%2F%0A123&et=1809246420&method=md5&sign=gB9lUTLcX06kgw4ZbU0NnQ%3D%3D


res：products/YSfR5EtwDx/devices/123
et：1809246420
key：cDMwaFBRUDFwMGNsZENFMVJSdkZzY0cxN0VRSHJ2ZHg=
methodmd5
Token：version=2018-10-31&res=products%2FYSfR5EtwDx%2Fdevices%2F123&et=1809246420&method=md5&sign=IRpeEJSN2tL03%2B4abu0rHA%3D%3D


res：products/YSfR5EtwDx/devices/esp32_slave
et：1809246420
key：cDMwaFBRUDFwMGNsZENFMVJSdkZzY0cxN0VRSHJ2ZHg=
methodmd5
Token：version=2018-10-31&res=products%2FYSfR5EtwDx%2Fdevices%2Fesp32_slave&et=1809246420&method=md5&sign=13VFZnOgGEaywI4iApocxw%3D%3D


res：products/YSfR5EtwDx/devices/esp32_slave
et：1809246420
key：dWNodkVXM0ZsUlFyRE45bjkxWDgzQzc0OE9HV3JiZ2E=
methodmd5
Token：version=2018-10-31&res=products%2FYSfR5EtwDx%2Fdevices%2Fesp32_slave&et=1809246420&method=md5&sign=JzZDnxXAvsWA%2BZh%2FqtMtyw%3D%3D


